3913
2743
3134
3385
3561
3686
3773
ÿ